[2019-04-13T18:54:26.173+0200][gc,heap] Heap region size: 1M
[2019-04-13T18:54:26.202+0200][gc     ] Using G1
[2019-04-13T18:54:26.202+0200][gc,heap,coops] Heap address: 0x00000000c0000000, size: 1024 MB, Compressed Oops mode: 32-bit
[2019-04-13T18:54:28.252+0200][gc,start     ] GC(0) Pause Young (Normal) (G1 Evacuation Pause)
[2019-04-13T18:54:28.253+0200][gc,task      ] GC(0) Using 4 workers of 4 for evacuation
[2019-04-13T18:54:28.262+0200][gc,phases    ] GC(0)   Pre Evacuate Collection Set: 0,0ms
[2019-04-13T18:54:28.262+0200][gc,phases    ] GC(0)   Evacuate Collection Set: 8,5ms
[2019-04-13T18:54:28.262+0200][gc,phases    ] GC(0)   Post Evacuate Collection Set: 0,4ms
[2019-04-13T18:54:28.262+0200][gc,phases    ] GC(0)   Other: 0,5ms
[2019-04-13T18:54:28.262+0200][gc,heap      ] GC(0) Eden regions: 51->0(45)
[2019-04-13T18:54:28.262+0200][gc,heap      ] GC(0) Survivor regions: 0->6(7)
[2019-04-13T18:54:28.262+0200][gc,heap      ] GC(0) Old regions: 2->2
[2019-04-13T18:54:28.262+0200][gc,heap      ] GC(0) Humongous regions: 0->0
[2019-04-13T18:54:28.262+0200][gc,metaspace ] GC(0) Metaspace: 17140K->17140K(1064960K)
[2019-04-13T18:54:28.262+0200][gc           ] GC(0) Pause Young (Normal) (G1 Evacuation Pause) 51M->6M(1024M) 9,463ms
[2019-04-13T18:54:28.262+0200][gc,cpu       ] GC(0) User=0,02s Sys=0,00s Real=0,01s
[2019-04-13T18:54:28.561+0200][gc,start     ] GC(1) Pause Young (Concurrent Start) (Metadata GC Threshold)
[2019-04-13T18:54:28.561+0200][gc,task      ] GC(1) Using 4 workers of 4 for evacuation
[2019-04-13T18:54:28.576+0200][gc,phases    ] GC(1)   Pre Evacuate Collection Set: 0,1ms
[2019-04-13T18:54:28.576+0200][gc,phases    ] GC(1)   Evacuate Collection Set: 14,6ms
[2019-04-13T18:54:28.576+0200][gc,phases    ] GC(1)   Post Evacuate Collection Set: 0,5ms
[2019-04-13T18:54:28.576+0200][gc,phases    ] GC(1)   Other: 0,3ms
[2019-04-13T18:54:28.576+0200][gc,heap      ] GC(1) Eden regions: 13->0(50)
[2019-04-13T18:54:28.576+0200][gc,heap      ] GC(1) Survivor regions: 6->1(7)
[2019-04-13T18:54:28.576+0200][gc,heap      ] GC(1) Old regions: 2->8
[2019-04-13T18:54:28.576+0200][gc,heap      ] GC(1) Humongous regions: 0->0
[2019-04-13T18:54:28.576+0200][gc,metaspace ] GC(1) Metaspace: 20509K->20509K(1067008K)
[2019-04-13T18:54:28.576+0200][gc           ] GC(1) Pause Young (Concurrent Start) (Metadata GC Threshold) 18M->7M(1024M) 15,491ms
[2019-04-13T18:54:28.576+0200][gc,cpu       ] GC(1) User=0,03s Sys=0,01s Real=0,02s
[2019-04-13T18:54:28.576+0200][gc           ] GC(2) Concurrent Cycle
[2019-04-13T18:54:28.576+0200][gc,marking   ] GC(2) Concurrent Clear Claimed Marks
[2019-04-13T18:54:28.576+0200][gc,marking   ] GC(2) Concurrent Clear Claimed Marks 0,064ms
[2019-04-13T18:54:28.576+0200][gc,marking   ] GC(2) Concurrent Scan Root Regions
[2019-04-13T18:54:28.577+0200][gc,marking   ] GC(2) Concurrent Scan Root Regions 1,096ms
[2019-04-13T18:54:28.577+0200][gc,marking   ] GC(2) Concurrent Mark (2,412s)
[2019-04-13T18:54:28.577+0200][gc,marking   ] GC(2) Concurrent Mark From Roots
[2019-04-13T18:54:28.577+0200][gc,task      ] GC(2) Using 1 workers of 1 for marking
[2019-04-13T18:54:28.593+0200][gc,marking   ] GC(2) Concurrent Mark From Roots 15,646ms
[2019-04-13T18:54:28.593+0200][gc,marking   ] GC(2) Concurrent Preclean
[2019-04-13T18:54:28.593+0200][gc,marking   ] GC(2) Concurrent Preclean 0,116ms
[2019-04-13T18:54:28.593+0200][gc,marking   ] GC(2) Concurrent Mark (2,412s, 2,428s) 15,822ms
[2019-04-13T18:54:28.593+0200][gc,start     ] GC(2) Pause Remark
[2019-04-13T18:54:28.598+0200][gc,stringtable] GC(2) Cleaned string and symbol table, strings: 4736 processed, 0 removed, symbols: 49397 processed, 48 removed
[2019-04-13T18:54:28.598+0200][gc            ] GC(2) Pause Remark 7M->7M(1024M) 4,812ms
[2019-04-13T18:54:28.598+0200][gc,cpu        ] GC(2) User=0,01s Sys=0,00s Real=0,01s
[2019-04-13T18:54:28.598+0200][gc,marking    ] GC(2) Concurrent Rebuild Remembered Sets
[2019-04-13T18:54:28.606+0200][gc,marking    ] GC(2) Concurrent Rebuild Remembered Sets 7,260ms
[2019-04-13T18:54:28.606+0200][gc,start      ] GC(2) Pause Cleanup
[2019-04-13T18:54:28.606+0200][gc            ] GC(2) Pause Cleanup 7M->7M(1024M) 0,283ms
[2019-04-13T18:54:28.606+0200][gc,cpu        ] GC(2) User=0,00s Sys=0,00s Real=0,00s
[2019-04-13T18:54:28.606+0200][gc,marking    ] GC(2) Concurrent Cleanup for Next Mark
[2019-04-13T18:54:28.617+0200][gc,marking    ] GC(2) Concurrent Cleanup for Next Mark 10,552ms
[2019-04-13T18:54:28.617+0200][gc            ] GC(2) Concurrent Cycle 40,448ms
[2019-04-13T18:54:31.560+0200][gc,heap,exit  ] Heap
[2019-04-13T18:54:31.560+0200][gc,heap,exit  ]  garbage-first heap   total 1048576K, used 171345K [0x00000000c0000000, 0x0000000100000000)
[2019-04-13T18:54:31.560+0200][gc,heap,exit  ]   region size 1024K, 33 young (33792K), 1 survivors (1024K)
[2019-04-13T18:54:31.560+0200][gc,heap,exit  ]  Metaspace       used 25622K, capacity 26884K, committed 27136K, reserved 1073152K
[2019-04-13T18:54:31.560+0200][gc,heap,exit  ]   class space    used 3721K, capacity 4280K, committed 4352K, reserved 1048576K
