[2019-04-13T16:37:49.117+0200][gc,heap] Heap region size: 1M
[2019-04-13T16:37:49.128+0200][gc     ] Using G1
[2019-04-13T16:37:49.128+0200][gc,heap,coops] Heap address: 0x00000000c0000000, size: 1024 MB, Compressed Oops mode: 32-bit
[2019-04-13T16:37:50.887+0200][gc,start     ] GC(0) Pause Young (Normal) (G1 Evacuation Pause)
[2019-04-13T16:37:50.887+0200][gc,task      ] GC(0) Using 4 workers of 4 for evacuation
[2019-04-13T16:37:50.896+0200][gc,phases    ] GC(0)   Pre Evacuate Collection Set: 0,0ms
[2019-04-13T16:37:50.896+0200][gc,phases    ] GC(0)   Evacuate Collection Set: 8,8ms
[2019-04-13T16:37:50.896+0200][gc,phases    ] GC(0)   Post Evacuate Collection Set: 0,4ms
[2019-04-13T16:37:50.896+0200][gc,phases    ] GC(0)   Other: 0,4ms
[2019-04-13T16:37:50.896+0200][gc,heap      ] GC(0) Eden regions: 51->0(45)
[2019-04-13T16:37:50.896+0200][gc,heap      ] GC(0) Survivor regions: 0->6(7)
[2019-04-13T16:37:50.896+0200][gc,heap      ] GC(0) Old regions: 2->2
[2019-04-13T16:37:50.896+0200][gc,heap      ] GC(0) Humongous regions: 0->0
[2019-04-13T16:37:50.896+0200][gc,metaspace ] GC(0) Metaspace: 16953K->16953K(1064960K)
[2019-04-13T16:37:50.896+0200][gc           ] GC(0) Pause Young (Normal) (G1 Evacuation Pause) 51M->6M(1024M) 9,810ms
[2019-04-13T16:37:50.896+0200][gc,cpu       ] GC(0) User=0,03s Sys=0,00s Real=0,01s
[2019-04-13T16:37:51.314+0200][gc,start     ] GC(1) Pause Young (Concurrent Start) (Metadata GC Threshold)
[2019-04-13T16:37:51.314+0200][gc,task      ] GC(1) Using 4 workers of 4 for evacuation
[2019-04-13T16:37:51.332+0200][gc,phases    ] GC(1)   Pre Evacuate Collection Set: 0,1ms
[2019-04-13T16:37:51.332+0200][gc,phases    ] GC(1)   Evacuate Collection Set: 16,7ms
[2019-04-13T16:37:51.332+0200][gc,phases    ] GC(1)   Post Evacuate Collection Set: 0,4ms
[2019-04-13T16:37:51.332+0200][gc,phases    ] GC(1)   Other: 0,2ms
[2019-04-13T16:37:51.332+0200][gc,heap      ] GC(1) Eden regions: 14->0(50)
[2019-04-13T16:37:51.332+0200][gc,heap      ] GC(1) Survivor regions: 6->1(7)
[2019-04-13T16:37:51.332+0200][gc,heap      ] GC(1) Old regions: 2->8
[2019-04-13T16:37:51.332+0200][gc,heap      ] GC(1) Humongous regions: 0->0
[2019-04-13T16:37:51.332+0200][gc,metaspace ] GC(1) Metaspace: 20564K->20564K(1067008K)
[2019-04-13T16:37:51.332+0200][gc           ] GC(1) Pause Young (Concurrent Start) (Metadata GC Threshold) 19M->7M(1024M) 17,555ms
[2019-04-13T16:37:51.332+0200][gc,cpu       ] GC(1) User=0,04s Sys=0,00s Real=0,01s
[2019-04-13T16:37:51.332+0200][gc           ] GC(2) Concurrent Cycle
[2019-04-13T16:37:51.332+0200][gc,marking   ] GC(2) Concurrent Clear Claimed Marks
[2019-04-13T16:37:51.332+0200][gc,marking   ] GC(2) Concurrent Clear Claimed Marks 0,047ms
[2019-04-13T16:37:51.332+0200][gc,marking   ] GC(2) Concurrent Scan Root Regions
[2019-04-13T16:37:51.333+0200][gc,marking   ] GC(2) Concurrent Scan Root Regions 0,842ms
[2019-04-13T16:37:51.333+0200][gc,marking   ] GC(2) Concurrent Mark (2,220s)
[2019-04-13T16:37:51.333+0200][gc,marking   ] GC(2) Concurrent Mark From Roots
[2019-04-13T16:37:51.333+0200][gc,task      ] GC(2) Using 1 workers of 1 for marking
[2019-04-13T16:37:51.350+0200][gc,marking   ] GC(2) Concurrent Mark From Roots 17,311ms
[2019-04-13T16:37:51.350+0200][gc,marking   ] GC(2) Concurrent Preclean
[2019-04-13T16:37:51.350+0200][gc,marking   ] GC(2) Concurrent Preclean 0,084ms
[2019-04-13T16:37:51.350+0200][gc,marking   ] GC(2) Concurrent Mark (2,220s, 2,238s) 17,447ms
[2019-04-13T16:37:51.353+0200][gc,start     ] GC(2) Pause Remark
[2019-04-13T16:37:51.363+0200][gc,stringtable] GC(2) Cleaned string and symbol table, strings: 4751 processed, 0 removed, symbols: 49764 processed, 50 removed
[2019-04-13T16:37:51.363+0200][gc            ] GC(2) Pause Remark 8M->8M(1024M) 10,444ms
[2019-04-13T16:37:51.364+0200][gc,cpu        ] GC(2) User=0,02s Sys=0,00s Real=0,01s
[2019-04-13T16:37:51.364+0200][gc,marking    ] GC(2) Concurrent Rebuild Remembered Sets
[2019-04-13T16:37:51.378+0200][gc,marking    ] GC(2) Concurrent Rebuild Remembered Sets 14,494ms
[2019-04-13T16:37:51.378+0200][gc,start      ] GC(2) Pause Cleanup
[2019-04-13T16:37:51.378+0200][gc            ] GC(2) Pause Cleanup 8M->8M(1024M) 0,252ms
[2019-04-13T16:37:51.378+0200][gc,cpu        ] GC(2) User=0,00s Sys=0,00s Real=0,00s
[2019-04-13T16:37:51.378+0200][gc,marking    ] GC(2) Concurrent Cleanup for Next Mark
[2019-04-13T16:37:51.392+0200][gc,marking    ] GC(2) Concurrent Cleanup for Next Mark 13,315ms
[2019-04-13T16:37:51.392+0200][gc            ] GC(2) Concurrent Cycle 59,901ms
[2019-04-13T16:37:52.907+0200][gc,start      ] GC(3) Pause Young (Concurrent Start) (G1 Evacuation Pause)
[2019-04-13T16:37:52.907+0200][gc,task       ] GC(3) Using 4 workers of 4 for evacuation
[2019-04-13T16:37:52.923+0200][gc,phases     ] GC(3)   Pre Evacuate Collection Set: 0,2ms
[2019-04-13T16:37:52.923+0200][gc,phases     ] GC(3)   Evacuate Collection Set: 14,5ms
[2019-04-13T16:37:52.923+0200][gc,phases     ] GC(3)   Post Evacuate Collection Set: 1,2ms
[2019-04-13T16:37:52.923+0200][gc,phases     ] GC(3)   Other: 0,5ms
[2019-04-13T16:37:52.923+0200][gc,heap       ] GC(3) Eden regions: 50->0(46)
[2019-04-13T16:37:52.923+0200][gc,heap       ] GC(3) Survivor regions: 1->5(7)
[2019-04-13T16:37:52.923+0200][gc,heap       ] GC(3) Old regions: 8->8
[2019-04-13T16:37:52.923+0200][gc,heap       ] GC(3) Humongous regions: 129->129
[2019-04-13T16:37:52.923+0200][gc,metaspace  ] GC(3) Metaspace: 30670K->30670K(1077248K)
[2019-04-13T16:37:52.924+0200][gc            ] GC(3) Pause Young (Concurrent Start) (G1 Evacuation Pause) 186M->139M(1024M) 16,537ms
[2019-04-13T16:37:52.924+0200][gc,cpu        ] GC(3) User=0,04s Sys=0,00s Real=0,01s
[2019-04-13T16:37:52.924+0200][gc            ] GC(4) Concurrent Cycle
[2019-04-13T16:37:52.924+0200][gc,marking    ] GC(4) Concurrent Clear Claimed Marks
[2019-04-13T16:37:52.924+0200][gc,marking    ] GC(4) Concurrent Clear Claimed Marks 0,173ms
[2019-04-13T16:37:52.924+0200][gc,marking    ] GC(4) Concurrent Scan Root Regions
[2019-04-13T16:37:52.932+0200][gc,marking    ] GC(4) Concurrent Scan Root Regions 7,843ms
[2019-04-13T16:37:52.932+0200][gc,marking    ] GC(4) Concurrent Mark (3,819s)
[2019-04-13T16:37:52.932+0200][gc,marking    ] GC(4) Concurrent Mark From Roots
[2019-04-13T16:37:52.932+0200][gc,task       ] GC(4) Using 1 workers of 1 for marking
[2019-04-13T16:37:52.954+0200][gc,marking    ] GC(4) Concurrent Mark From Roots 21,968ms
[2019-04-13T16:37:52.954+0200][gc,marking    ] GC(4) Concurrent Preclean
[2019-04-13T16:37:52.954+0200][gc,marking    ] GC(4) Concurrent Preclean 0,174ms
[2019-04-13T16:37:52.954+0200][gc,marking    ] GC(4) Concurrent Mark (3,819s, 3,841s) 22,271ms
[2019-04-13T16:37:52.959+0200][gc,start      ] GC(4) Pause Remark
[2019-04-13T16:37:52.963+0200][gc,stringtable] GC(4) Cleaned string and symbol table, strings: 7323 processed, 9 removed, symbols: 69242 processed, 12 removed
[2019-04-13T16:37:52.964+0200][gc            ] GC(4) Pause Remark 139M->139M(1024M) 5,365ms
[2019-04-13T16:37:52.964+0200][gc,cpu        ] GC(4) User=0,01s Sys=0,00s Real=0,00s
[2019-04-13T16:37:52.964+0200][gc,marking    ] GC(4) Concurrent Rebuild Remembered Sets
[2019-04-13T16:37:52.979+0200][gc,marking    ] GC(4) Concurrent Rebuild Remembered Sets 15,012ms
[2019-04-13T16:37:52.979+0200][gc,start      ] GC(4) Pause Cleanup
[2019-04-13T16:37:52.980+0200][gc            ] GC(4) Pause Cleanup 139M->139M(1024M) 0,508ms
[2019-04-13T16:37:52.980+0200][gc,cpu        ] GC(4) User=0,00s Sys=0,00s Real=0,00s
[2019-04-13T16:37:52.980+0200][gc,marking    ] GC(4) Concurrent Cleanup for Next Mark
[2019-04-13T16:37:53.004+0200][gc,marking    ] GC(4) Concurrent Cleanup for Next Mark 23,759ms
[2019-04-13T16:37:53.004+0200][gc            ] GC(4) Concurrent Cycle 80,238ms
[2019-04-13T16:44:43.305+0200][gc,start      ] GC(5) Pause Young (Normal) (G1 Evacuation Pause)
[2019-04-13T16:44:43.305+0200][gc,task       ] GC(5) Using 4 workers of 4 for evacuation
[2019-04-13T16:44:43.323+0200][gc,phases     ] GC(5)   Pre Evacuate Collection Set: 0,0ms
[2019-04-13T16:44:43.323+0200][gc,phases     ] GC(5)   Evacuate Collection Set: 16,0ms
[2019-04-13T16:44:43.323+0200][gc,phases     ] GC(5)   Post Evacuate Collection Set: 1,2ms
[2019-04-13T16:44:43.323+0200][gc,phases     ] GC(5)   Other: 0,4ms
[2019-04-13T16:44:43.323+0200][gc,heap       ] GC(5) Eden regions: 46->0(45)
[2019-04-13T16:44:43.323+0200][gc,heap       ] GC(5) Survivor regions: 5->6(7)
[2019-04-13T16:44:43.323+0200][gc,heap       ] GC(5) Old regions: 8->9
[2019-04-13T16:44:43.323+0200][gc,heap       ] GC(5) Humongous regions: 129->129
[2019-04-13T16:44:43.323+0200][gc,metaspace  ] GC(5) Metaspace: 32520K->32520K(1079296K)
[2019-04-13T16:44:43.323+0200][gc            ] GC(5) Pause Young (Normal) (G1 Evacuation Pause) 185M->141M(1024M) 17,906ms
[2019-04-13T16:44:43.323+0200][gc,cpu        ] GC(5) User=0,06s Sys=0,00s Real=0,02s
[2019-04-13T16:54:20.300+0200][gc,start      ] GC(6) Pause Young (Normal) (G1 Evacuation Pause)
[2019-04-13T16:54:20.300+0200][gc,task       ] GC(6) Using 4 workers of 4 for evacuation
[2019-04-13T16:54:20.313+0200][gc,phases     ] GC(6)   Pre Evacuate Collection Set: 0,0ms
[2019-04-13T16:54:20.313+0200][gc,phases     ] GC(6)   Evacuate Collection Set: 11,6ms
[2019-04-13T16:54:20.313+0200][gc,phases     ] GC(6)   Post Evacuate Collection Set: 0,7ms
[2019-04-13T16:54:20.313+0200][gc,phases     ] GC(6)   Other: 0,4ms
[2019-04-13T16:54:20.313+0200][gc,heap       ] GC(6) Eden regions: 45->0(48)
[2019-04-13T16:54:20.313+0200][gc,heap       ] GC(6) Survivor regions: 6->3(7)
[2019-04-13T16:54:20.313+0200][gc,heap       ] GC(6) Old regions: 9->12
[2019-04-13T16:54:20.313+0200][gc,heap       ] GC(6) Humongous regions: 129->129
[2019-04-13T16:54:20.313+0200][gc,metaspace  ] GC(6) Metaspace: 32716K->32716K(1079296K)
[2019-04-13T16:54:20.313+0200][gc            ] GC(6) Pause Young (Normal) (G1 Evacuation Pause) 186M->141M(1024M) 12,710ms
[2019-04-13T16:54:20.313+0200][gc,cpu        ] GC(6) User=0,03s Sys=0,00s Real=0,01s
[2019-04-13T17:05:39.822+0200][gc,start      ] GC(7) Pause Young (Normal) (G1 Evacuation Pause)
[2019-04-13T17:05:39.822+0200][gc,task       ] GC(7) Using 4 workers of 4 for evacuation
[2019-04-13T17:05:39.831+0200][gc,phases     ] GC(7)   Pre Evacuate Collection Set: 0,0ms
[2019-04-13T17:05:39.831+0200][gc,phases     ] GC(7)   Evacuate Collection Set: 5,5ms
[2019-04-13T17:05:39.831+0200][gc,phases     ] GC(7)   Post Evacuate Collection Set: 3,3ms
[2019-04-13T17:05:39.832+0200][gc,phases     ] GC(7)   Other: 0,4ms
[2019-04-13T17:05:39.832+0200][gc,heap       ] GC(7) Eden regions: 48->0(49)
[2019-04-13T17:05:39.832+0200][gc,heap       ] GC(7) Survivor regions: 3->2(7)
[2019-04-13T17:05:39.832+0200][gc,heap       ] GC(7) Old regions: 12->12
[2019-04-13T17:05:39.832+0200][gc,heap       ] GC(7) Humongous regions: 129->129
[2019-04-13T17:05:39.832+0200][gc,metaspace  ] GC(7) Metaspace: 32821K->32821K(1079296K)
[2019-04-13T17:05:39.832+0200][gc            ] GC(7) Pause Young (Normal) (G1 Evacuation Pause) 189M->141M(1024M) 9,538ms
[2019-04-13T17:05:39.832+0200][gc,cpu        ] GC(7) User=0,03s Sys=0,00s Real=0,01s
[2019-04-13T17:17:33.369+0200][gc,start      ] GC(8) Pause Young (Normal) (G1 Evacuation Pause)
[2019-04-13T17:17:33.369+0200][gc,task       ] GC(8) Using 4 workers of 4 for evacuation
[2019-04-13T17:17:33.377+0200][gc,phases     ] GC(8)   Pre Evacuate Collection Set: 0,0ms
[2019-04-13T17:17:33.377+0200][gc,phases     ] GC(8)   Evacuate Collection Set: 5,0ms
[2019-04-13T17:17:33.377+0200][gc,phases     ] GC(8)   Post Evacuate Collection Set: 2,7ms
[2019-04-13T17:17:33.377+0200][gc,phases     ] GC(8)   Other: 0,3ms
[2019-04-13T17:17:33.377+0200][gc,heap       ] GC(8) Eden regions: 49->0(49)
[2019-04-13T17:17:33.377+0200][gc,heap       ] GC(8) Survivor regions: 2->2(7)
[2019-04-13T17:17:33.377+0200][gc,heap       ] GC(8) Old regions: 12->12
[2019-04-13T17:17:33.377+0200][gc,heap       ] GC(8) Humongous regions: 129->129
[2019-04-13T17:17:33.377+0200][gc,metaspace  ] GC(8) Metaspace: 32882K->32882K(1079296K)
[2019-04-13T17:17:33.377+0200][gc            ] GC(8) Pause Young (Normal) (G1 Evacuation Pause) 190M->141M(1024M) 8,150ms
[2019-04-13T17:17:33.377+0200][gc,cpu        ] GC(8) User=0,02s Sys=0,00s Real=0,01s
[2019-04-13T17:29:29.478+0200][gc,start      ] GC(9) Pause Young (Normal) (G1 Evacuation Pause)
[2019-04-13T17:29:29.478+0200][gc,task       ] GC(9) Using 4 workers of 4 for evacuation
[2019-04-13T17:29:29.491+0200][gc,phases     ] GC(9)   Pre Evacuate Collection Set: 0,0ms
[2019-04-13T17:29:29.491+0200][gc,phases     ] GC(9)   Evacuate Collection Set: 11,6ms
[2019-04-13T17:29:29.491+0200][gc,phases     ] GC(9)   Post Evacuate Collection Set: 0,7ms
[2019-04-13T17:29:29.491+0200][gc,phases     ] GC(9)   Other: 0,3ms
[2019-04-13T17:29:29.491+0200][gc,heap       ] GC(9) Eden regions: 49->0(48)
[2019-04-13T17:29:29.491+0200][gc,heap       ] GC(9) Survivor regions: 2->3(7)
[2019-04-13T17:29:29.491+0200][gc,heap       ] GC(9) Old regions: 12->12
[2019-04-13T17:29:29.491+0200][gc,heap       ] GC(9) Humongous regions: 129->129
[2019-04-13T17:29:29.491+0200][gc,metaspace  ] GC(9) Metaspace: 32932K->32932K(1079296K)
[2019-04-13T17:29:29.491+0200][gc            ] GC(9) Pause Young (Normal) (G1 Evacuation Pause) 190M->142M(1024M) 12,690ms
[2019-04-13T17:29:29.491+0200][gc,cpu        ] GC(9) User=0,02s Sys=0,00s Real=0,01s
[2019-04-13T17:40:36.722+0200][gc,start      ] GC(10) Pause Young (Normal) (G1 Evacuation Pause)
[2019-04-13T17:40:36.722+0200][gc,task       ] GC(10) Using 4 workers of 4 for evacuation
[2019-04-13T17:40:36.728+0200][gc,phases     ] GC(10)   Pre Evacuate Collection Set: 0,0ms
[2019-04-13T17:40:36.728+0200][gc,phases     ] GC(10)   Evacuate Collection Set: 5,3ms
[2019-04-13T17:40:36.728+0200][gc,phases     ] GC(10)   Post Evacuate Collection Set: 0,9ms
[2019-04-13T17:40:36.728+0200][gc,phases     ] GC(10)   Other: 0,3ms
[2019-04-13T17:40:36.728+0200][gc,heap       ] GC(10) Eden regions: 48->0(48)
[2019-04-13T17:40:36.728+0200][gc,heap       ] GC(10) Survivor regions: 3->3(7)
[2019-04-13T17:40:36.728+0200][gc,heap       ] GC(10) Old regions: 12->12
[2019-04-13T17:40:36.728+0200][gc,heap       ] GC(10) Humongous regions: 129->129
[2019-04-13T17:40:36.728+0200][gc,metaspace  ] GC(10) Metaspace: 33029K->33029K(1079296K)
[2019-04-13T17:40:36.728+0200][gc            ] GC(10) Pause Young (Normal) (G1 Evacuation Pause) 190M->141M(1024M) 6,640ms
[2019-04-13T17:40:36.728+0200][gc,cpu        ] GC(10) User=0,02s Sys=0,00s Real=0,01s
[2019-04-13T17:52:12.463+0200][gc,start      ] GC(11) Pause Young (Normal) (G1 Evacuation Pause)
[2019-04-13T17:52:12.463+0200][gc,task       ] GC(11) Using 4 workers of 4 for evacuation
[2019-04-13T17:52:12.469+0200][gc,phases     ] GC(11)   Pre Evacuate Collection Set: 0,0ms
[2019-04-13T17:52:12.469+0200][gc,phases     ] GC(11)   Evacuate Collection Set: 4,9ms
[2019-04-13T17:52:12.469+0200][gc,phases     ] GC(11)   Post Evacuate Collection Set: 1,2ms
[2019-04-13T17:52:12.469+0200][gc,phases     ] GC(11)   Other: 0,2ms
[2019-04-13T17:52:12.469+0200][gc,heap       ] GC(11) Eden regions: 48->0(60)
[2019-04-13T17:52:12.469+0200][gc,heap       ] GC(11) Survivor regions: 3->3(7)
[2019-04-13T17:52:12.469+0200][gc,heap       ] GC(11) Old regions: 12->12
[2019-04-13T17:52:12.469+0200][gc,heap       ] GC(11) Humongous regions: 129->129
[2019-04-13T17:52:12.469+0200][gc,metaspace  ] GC(11) Metaspace: 33077K->33077K(1079296K)
[2019-04-13T17:52:12.469+0200][gc            ] GC(11) Pause Young (Normal) (G1 Evacuation Pause) 189M->141M(1024M) 6,392ms
[2019-04-13T17:52:12.469+0200][gc,cpu        ] GC(11) User=0,02s Sys=0,00s Real=0,01s
[2019-04-13T18:06:39.644+0200][gc,start      ] GC(12) Pause Young (Normal) (G1 Evacuation Pause)
[2019-04-13T18:06:39.644+0200][gc,task       ] GC(12) Using 4 workers of 4 for evacuation
[2019-04-13T18:06:39.653+0200][gc,phases     ] GC(12)   Pre Evacuate Collection Set: 0,0ms
[2019-04-13T18:06:39.653+0200][gc,phases     ] GC(12)   Evacuate Collection Set: 7,5ms
[2019-04-13T18:06:39.653+0200][gc,phases     ] GC(12)   Post Evacuate Collection Set: 1,7ms
[2019-04-13T18:06:39.653+0200][gc,phases     ] GC(12)   Other: 0,3ms
[2019-04-13T18:06:39.653+0200][gc,heap       ] GC(12) Eden regions: 60->0(85)
[2019-04-13T18:06:39.653+0200][gc,heap       ] GC(12) Survivor regions: 3->3(8)
[2019-04-13T18:06:39.653+0200][gc,heap       ] GC(12) Old regions: 12->12
[2019-04-13T18:06:39.653+0200][gc,heap       ] GC(12) Humongous regions: 129->129
[2019-04-13T18:06:39.653+0200][gc,metaspace  ] GC(12) Metaspace: 33090K->33090K(1079296K)
[2019-04-13T18:06:39.653+0200][gc            ] GC(12) Pause Young (Normal) (G1 Evacuation Pause) 201M->142M(1024M) 9,663ms
[2019-04-13T18:06:39.653+0200][gc,cpu        ] GC(12) User=0,03s Sys=0,00s Real=0,01s
[2019-04-13T18:27:14.541+0200][gc,start      ] GC(13) Pause Young (Normal) (G1 Evacuation Pause)
[2019-04-13T18:27:14.541+0200][gc,task       ] GC(13) Using 4 workers of 4 for evacuation
[2019-04-13T18:27:14.554+0200][gc,phases     ] GC(13)   Pre Evacuate Collection Set: 0,0ms
[2019-04-13T18:27:14.554+0200][gc,phases     ] GC(13)   Evacuate Collection Set: 9,9ms
[2019-04-13T18:27:14.554+0200][gc,phases     ] GC(13)   Post Evacuate Collection Set: 2,8ms
[2019-04-13T18:27:14.554+0200][gc,phases     ] GC(13)   Other: 0,4ms
[2019-04-13T18:27:14.554+0200][gc,heap       ] GC(13) Eden regions: 85->0(211)
[2019-04-13T18:27:14.554+0200][gc,heap       ] GC(13) Survivor regions: 3->3(11)
[2019-04-13T18:27:14.554+0200][gc,heap       ] GC(13) Old regions: 12->12
[2019-04-13T18:27:14.554+0200][gc,heap       ] GC(13) Humongous regions: 129->129
[2019-04-13T18:27:14.554+0200][gc,metaspace  ] GC(13) Metaspace: 33120K->33120K(1079296K)
[2019-04-13T18:27:14.554+0200][gc            ] GC(13) Pause Young (Normal) (G1 Evacuation Pause) 227M->142M(1024M) 13,122ms
[2019-04-13T18:27:14.554+0200][gc,cpu        ] GC(13) User=0,04s Sys=0,00s Real=0,02s
