[2019-04-13T15:49:57.046+0200][gc,heap] Heap region size: 1M
[2019-04-13T15:49:57.070+0200][gc     ] Using G1
[2019-04-13T15:49:57.070+0200][gc,heap,coops] Heap address: 0x00000000c0000000, size: 1024 MB, Compressed Oops mode: 32-bit
[2019-04-13T15:49:59.030+0200][gc,start     ] GC(0) Pause Young (Normal) (G1 Evacuation Pause)
[2019-04-13T15:49:59.031+0200][gc,task      ] GC(0) Using 4 workers of 4 for evacuation
[2019-04-13T15:49:59.059+0200][gc,mmu       ] GC(0) MMU target violated: 21,0ms (20,0ms/21,0ms)
[2019-04-13T15:49:59.059+0200][gc,phases    ] GC(0)   Pre Evacuate Collection Set: 0,0ms
[2019-04-13T15:49:59.059+0200][gc,phases    ] GC(0)   Evacuate Collection Set: 26,9ms
[2019-04-13T15:49:59.059+0200][gc,phases    ] GC(0)   Post Evacuate Collection Set: 0,8ms
[2019-04-13T15:49:59.059+0200][gc,phases    ] GC(0)   Other: 1,2ms
[2019-04-13T15:49:59.059+0200][gc,heap      ] GC(0) Eden regions: 51->0(45)
[2019-04-13T15:49:59.059+0200][gc,heap      ] GC(0) Survivor regions: 0->6(7)
[2019-04-13T15:49:59.059+0200][gc,heap      ] GC(0) Old regions: 2->2
[2019-04-13T15:49:59.059+0200][gc,heap      ] GC(0) Humongous regions: 0->0
[2019-04-13T15:49:59.059+0200][gc,metaspace ] GC(0) Metaspace: 17153K->17153K(1064960K)
[2019-04-13T15:49:59.059+0200][gc           ] GC(0) Pause Young (Normal) (G1 Evacuation Pause) 51M->6M(1024M) 29,072ms
[2019-04-13T15:49:59.059+0200][gc,cpu       ] GC(0) User=0,05s Sys=0,01s Real=0,03s
[2019-04-13T15:49:59.809+0200][gc,start     ] GC(1) Pause Young (Concurrent Start) (Metadata GC Threshold)
[2019-04-13T15:49:59.809+0200][gc,task      ] GC(1) Using 4 workers of 4 for evacuation
[2019-04-13T15:49:59.823+0200][gc,phases    ] GC(1)   Pre Evacuate Collection Set: 0,1ms
[2019-04-13T15:49:59.823+0200][gc,phases    ] GC(1)   Evacuate Collection Set: 12,5ms
[2019-04-13T15:49:59.823+0200][gc,phases    ] GC(1)   Post Evacuate Collection Set: 0,5ms
[2019-04-13T15:49:59.823+0200][gc,phases    ] GC(1)   Other: 0,3ms
[2019-04-13T15:49:59.823+0200][gc,heap      ] GC(1) Eden regions: 15->0(49)
[2019-04-13T15:49:59.823+0200][gc,heap      ] GC(1) Survivor regions: 6->2(7)
[2019-04-13T15:49:59.823+0200][gc,heap      ] GC(1) Old regions: 2->8
[2019-04-13T15:49:59.823+0200][gc,heap      ] GC(1) Humongous regions: 129->129
[2019-04-13T15:49:59.823+0200][gc,metaspace ] GC(1) Metaspace: 20565K->20565K(1067008K)
[2019-04-13T15:49:59.823+0200][gc           ] GC(1) Pause Young (Concurrent Start) (Metadata GC Threshold) 150M->136M(1024M) 13,404ms
[2019-04-13T15:49:59.823+0200][gc,cpu       ] GC(1) User=0,04s Sys=0,00s Real=0,01s
[2019-04-13T15:49:59.823+0200][gc           ] GC(2) Concurrent Cycle
[2019-04-13T15:49:59.823+0200][gc,marking   ] GC(2) Concurrent Clear Claimed Marks
[2019-04-13T15:49:59.823+0200][gc,marking   ] GC(2) Concurrent Clear Claimed Marks 0,059ms
[2019-04-13T15:49:59.823+0200][gc,marking   ] GC(2) Concurrent Scan Root Regions
[2019-04-13T15:49:59.824+0200][gc,marking   ] GC(2) Concurrent Scan Root Regions 0,847ms
[2019-04-13T15:49:59.824+0200][gc,marking   ] GC(2) Concurrent Mark (2,785s)
[2019-04-13T15:49:59.824+0200][gc,marking   ] GC(2) Concurrent Mark From Roots
[2019-04-13T15:49:59.824+0200][gc,task      ] GC(2) Using 1 workers of 1 for marking
[2019-04-13T15:49:59.833+0200][gc,marking   ] GC(2) Concurrent Mark From Roots 9,645ms
[2019-04-13T15:49:59.834+0200][gc,marking   ] GC(2) Concurrent Preclean
[2019-04-13T15:49:59.834+0200][gc,marking   ] GC(2) Concurrent Preclean 0,081ms
[2019-04-13T15:49:59.834+0200][gc,marking   ] GC(2) Concurrent Mark (2,785s, 2,795s) 9,774ms
[2019-04-13T15:49:59.834+0200][gc,start     ] GC(2) Pause Remark
[2019-04-13T15:49:59.839+0200][gc,stringtable] GC(2) Cleaned string and symbol table, strings: 5007 processed, 0 removed, symbols: 50725 processed, 45 removed
[2019-04-13T15:49:59.839+0200][gc            ] GC(2) Pause Remark 138M->138M(1024M) 5,557ms
[2019-04-13T15:49:59.839+0200][gc,cpu        ] GC(2) User=0,02s Sys=0,00s Real=0,01s
[2019-04-13T15:49:59.839+0200][gc,marking    ] GC(2) Concurrent Rebuild Remembered Sets
[2019-04-13T15:49:59.845+0200][gc,marking    ] GC(2) Concurrent Rebuild Remembered Sets 5,546ms
[2019-04-13T15:49:59.845+0200][gc,start      ] GC(2) Pause Cleanup
[2019-04-13T15:49:59.845+0200][gc            ] GC(2) Pause Cleanup 138M->138M(1024M) 0,238ms
[2019-04-13T15:49:59.845+0200][gc,cpu        ] GC(2) User=0,00s Sys=0,00s Real=0,00s
[2019-04-13T15:49:59.845+0200][gc,marking    ] GC(2) Concurrent Cleanup for Next Mark
[2019-04-13T15:49:59.854+0200][gc,marking    ] GC(2) Concurrent Cleanup for Next Mark 8,113ms
[2019-04-13T15:49:59.854+0200][gc            ] GC(2) Concurrent Cycle 30,746ms
[2019-04-13T15:52:36.015+0200][gc,start      ] GC(3) Pause Young (Normal) (G1 Evacuation Pause)
[2019-04-13T15:52:36.015+0200][gc,task       ] GC(3) Using 4 workers of 4 for evacuation
[2019-04-13T15:52:36.056+0200][gc,mmu        ] GC(3) MMU target violated: 21,0ms (20,0ms/21,0ms)
[2019-04-13T15:52:36.056+0200][gc,phases     ] GC(3)   Pre Evacuate Collection Set: 0,0ms
[2019-04-13T15:52:36.056+0200][gc,phases     ] GC(3)   Evacuate Collection Set: 39,2ms
[2019-04-13T15:52:36.056+0200][gc,phases     ] GC(3)   Post Evacuate Collection Set: 1,2ms
[2019-04-13T15:52:36.056+0200][gc,phases     ] GC(3)   Other: 0,5ms
[2019-04-13T15:52:36.056+0200][gc,heap       ] GC(3) Eden regions: 49->0(46)
[2019-04-13T15:52:36.056+0200][gc,heap       ] GC(3) Survivor regions: 2->5(7)
[2019-04-13T15:52:36.056+0200][gc,heap       ] GC(3) Old regions: 8->8
[2019-04-13T15:52:36.056+0200][gc,heap       ] GC(3) Humongous regions: 129->129
[2019-04-13T15:52:36.056+0200][gc,metaspace  ] GC(3) Metaspace: 30975K->30975K(1077248K)
[2019-04-13T15:52:36.056+0200][gc            ] GC(3) Pause Young (Normal) (G1 Evacuation Pause) 185M->139M(1024M) 41,080ms
[2019-04-13T15:52:36.056+0200][gc,cpu        ] GC(3) User=0,07s Sys=0,01s Real=0,04s
[2019-04-13T16:13:16.686+0200][gc,start      ] GC(4) Pause Young (Normal) (G1 Evacuation Pause)
[2019-04-13T16:13:16.686+0200][gc,task       ] GC(4) Using 4 workers of 4 for evacuation
[2019-04-13T16:13:16.695+0200][gc,phases     ] GC(4)   Pre Evacuate Collection Set: 0,0ms
[2019-04-13T16:13:16.696+0200][gc,phases     ] GC(4)   Evacuate Collection Set: 9,3ms
[2019-04-13T16:13:16.696+0200][gc,phases     ] GC(4)   Post Evacuate Collection Set: 0,4ms
[2019-04-13T16:13:16.696+0200][gc,phases     ] GC(4)   Other: 0,2ms
[2019-04-13T16:13:16.696+0200][gc,heap       ] GC(4) Eden regions: 46->0(46)
[2019-04-13T16:13:16.696+0200][gc,heap       ] GC(4) Survivor regions: 5->5(7)
[2019-04-13T16:13:16.696+0200][gc,heap       ] GC(4) Old regions: 8->9
[2019-04-13T16:13:16.696+0200][gc,heap       ] GC(4) Humongous regions: 129->129
[2019-04-13T16:13:16.696+0200][gc,metaspace  ] GC(4) Metaspace: 32869K->32869K(1079296K)
[2019-04-13T16:13:16.696+0200][gc            ] GC(4) Pause Young (Normal) (G1 Evacuation Pause) 185M->141M(1024M) 9,978ms
[2019-04-13T16:13:16.696+0200][gc,cpu        ] GC(4) User=0,01s Sys=0,00s Real=0,02s
[2019-04-13T16:28:59.271+0200][gc,start      ] GC(5) Pause Young (Normal) (G1 Evacuation Pause)
[2019-04-13T16:28:59.288+0200][gc,task       ] GC(5) Using 4 workers of 4 for evacuation
[2019-04-13T16:28:59.305+0200][gc,phases     ] GC(5)   Pre Evacuate Collection Set: 0,3ms
[2019-04-13T16:28:59.305+0200][gc,phases     ] GC(5)   Evacuate Collection Set: 9,8ms
[2019-04-13T16:28:59.305+0200][gc,phases     ] GC(5)   Post Evacuate Collection Set: 7,0ms
[2019-04-13T16:28:59.305+0200][gc,phases     ] GC(5)   Other: 16,8ms
[2019-04-13T16:28:59.305+0200][gc,heap       ] GC(5) Eden regions: 46->0(49)
[2019-04-13T16:28:59.305+0200][gc,heap       ] GC(5) Survivor regions: 5->2(7)
[2019-04-13T16:28:59.305+0200][gc,heap       ] GC(5) Old regions: 9->12
[2019-04-13T16:28:59.305+0200][gc,heap       ] GC(5) Humongous regions: 129->129
[2019-04-13T16:28:59.305+0200][gc,metaspace  ] GC(5) Metaspace: 33059K->33059K(1079296K)
[2019-04-13T16:28:59.319+0200][gc            ] GC(5) Pause Young (Normal) (G1 Evacuation Pause) 187M->141M(1024M) 33,917ms
[2019-04-13T16:28:59.319+0200][gc,cpu        ] GC(5) User=0,04s Sys=0,00s Real=0,05s
[2019-04-13T16:29:59.756+0200][gc,heap,exit  ] Heap
[2019-04-13T16:29:59.756+0200][gc,heap,exit  ]  garbage-first heap   total 1048576K, used 155089K [0x00000000c0000000, 0x0000000100000000)
[2019-04-13T16:29:59.756+0200][gc,heap,exit  ]   region size 1024K, 13 young (13312K), 2 survivors (2048K)
[2019-04-13T16:29:59.756+0200][gc,heap,exit  ]  Metaspace       used 33747K, capacity 35889K, committed 36048K, reserved 1079296K
[2019-04-13T16:29:59.756+0200][gc,heap,exit  ]   class space    used 4895K, capacity 5936K, committed 5964K, reserved 1048576K
