[2019-03-28T11:09:12.082+0100][gc,heap] Heap region size: 1M
[2019-03-28T11:09:12.091+0100][gc     ] Using G1
[2019-03-28T11:09:12.091+0100][gc,heap,coops] Heap address: 0x00000000c0000000, size: 1024 MB, Compressed Oops mode: 32-bit
[2019-03-28T11:09:13.394+0100][gc,start     ] GC(0) Pause Initial Mark (Metadata GC Threshold)
[2019-03-28T11:09:13.394+0100][gc,task      ] GC(0) Using 4 workers of 4 for evacuation
[2019-03-28T11:09:13.398+0100][gc,phases    ] GC(0)   Pre Evacuate Collection Set: 0,0ms
[2019-03-28T11:09:13.398+0100][gc,phases    ] GC(0)   Evacuate Collection Set: 3,8ms
[2019-03-28T11:09:13.398+0100][gc,phases    ] GC(0)   Post Evacuate Collection Set: 0,4ms
[2019-03-28T11:09:13.398+0100][gc,phases    ] GC(0)   Other: 0,4ms
[2019-03-28T11:09:13.398+0100][gc,heap      ] GC(0) Eden regions: 39->0(44)
[2019-03-28T11:09:13.398+0100][gc,heap      ] GC(0) Survivor regions: 0->7(7)
[2019-03-28T11:09:13.398+0100][gc,heap      ] GC(0) Old regions: 0->0
[2019-03-28T11:09:13.398+0100][gc,heap      ] GC(0) Humongous regions: 0->0
[2019-03-28T11:09:13.398+0100][gc,metaspace ] GC(0) Metaspace: 20665K->20665K(1069056K)
[2019-03-28T11:09:13.398+0100][gc           ] GC(0) Pause Initial Mark (Metadata GC Threshold) 38M->6M(1024M) 4,672ms
[2019-03-28T11:09:13.398+0100][gc,cpu       ] GC(0) User=0,02s Sys=0,00s Real=0,00s
[2019-03-28T11:09:13.398+0100][gc           ] GC(1) Concurrent Cycle
[2019-03-28T11:09:13.399+0100][gc,marking   ] GC(1) Concurrent Clear Claimed Marks
[2019-03-28T11:09:13.399+0100][gc,marking   ] GC(1) Concurrent Clear Claimed Marks 0,045ms
[2019-03-28T11:09:13.399+0100][gc,marking   ] GC(1) Concurrent Scan Root Regions
[2019-03-28T11:09:13.401+0100][gc,marking   ] GC(1) Concurrent Scan Root Regions 2,386ms
[2019-03-28T11:09:13.401+0100][gc,marking   ] GC(1) Concurrent Mark (1,321s)
[2019-03-28T11:09:13.401+0100][gc,marking   ] GC(1) Concurrent Mark From Roots
[2019-03-28T11:09:13.401+0100][gc,task      ] GC(1) Using 1 workers of 1 for marking
[2019-03-28T11:09:13.402+0100][gc,marking   ] GC(1) Concurrent Mark From Roots 0,496ms
[2019-03-28T11:09:13.402+0100][gc,marking   ] GC(1) Concurrent Mark (1,321s, 1,321s) 0,529ms
[2019-03-28T11:09:13.402+0100][gc,start     ] GC(1) Pause Remark
[2019-03-28T11:09:13.405+0100][gc,stringtable] GC(1) Cleaned string and symbol table, strings: 7761 processed, 0 removed, symbols: 63996 processed, 44 removed
[2019-03-28T11:09:13.405+0100][gc            ] GC(1) Pause Remark 7M->7M(1024M) 3,114ms
[2019-03-28T11:09:13.405+0100][gc,cpu        ] GC(1) User=0,01s Sys=0,00s Real=0,00s
[2019-03-28T11:09:13.405+0100][gc,marking    ] GC(1) Concurrent Create Live Data
[2019-03-28T11:09:13.405+0100][gc,marking    ] GC(1) Concurrent Create Live Data 0,106ms
[2019-03-28T11:09:13.405+0100][gc,start      ] GC(1) Pause Cleanup
[2019-03-28T11:09:13.406+0100][gc            ] GC(1) Pause Cleanup 7M->7M(1024M) 0,785ms
[2019-03-28T11:09:13.406+0100][gc,cpu        ] GC(1) User=0,00s Sys=0,00s Real=0,00s
[2019-03-28T11:09:13.406+0100][gc,marking    ] GC(1) Concurrent Cleanup for Next Mark
[2019-03-28T11:09:13.411+0100][gc,marking    ] GC(1) Concurrent Cleanup for Next Mark 5,113ms
[2019-03-28T11:09:13.411+0100][gc            ] GC(1) Concurrent Cycle 12,528ms
[2019-03-28T11:09:15.537+0100][gc,start      ] GC(2) Pause Young (G1 Evacuation Pause)
[2019-03-28T11:09:15.537+0100][gc,task       ] GC(2) Using 4 workers of 4 for evacuation
[2019-03-28T11:09:15.546+0100][gc,phases     ] GC(2)   Pre Evacuate Collection Set: 0,0ms
[2019-03-28T11:09:15.546+0100][gc,phases     ] GC(2)   Evacuate Collection Set: 8,1ms
[2019-03-28T11:09:15.546+0100][gc,phases     ] GC(2)   Post Evacuate Collection Set: 0,5ms
[2019-03-28T11:09:15.546+0100][gc,phases     ] GC(2)   Other: 0,3ms
[2019-03-28T11:09:15.547+0100][gc,heap       ] GC(2) Eden regions: 44->0(48)
[2019-03-28T11:09:15.547+0100][gc,heap       ] GC(2) Survivor regions: 7->3(7)
[2019-03-28T11:09:15.547+0100][gc,heap       ] GC(2) Old regions: 0->7
[2019-03-28T11:09:15.547+0100][gc,heap       ] GC(2) Humongous regions: 129->129
[2019-03-28T11:09:15.547+0100][gc,metaspace  ] GC(2) Metaspace: 30206K->30206K(1077248K)
[2019-03-28T11:09:15.547+0100][gc            ] GC(2) Pause Young (G1 Evacuation Pause) 179M->138M(1024M) 9,310ms
[2019-03-28T11:09:15.547+0100][gc,cpu        ] GC(2) User=0,02s Sys=0,01s Real=0,01s
[2019-03-28T11:09:15.948+0100][gc,start      ] GC(3) Pause Initial Mark (Metadata GC Threshold)
[2019-03-28T11:09:15.948+0100][gc,task       ] GC(3) Using 4 workers of 4 for evacuation
[2019-03-28T11:09:15.951+0100][gc,phases     ] GC(3)   Pre Evacuate Collection Set: 0,1ms
[2019-03-28T11:09:15.952+0100][gc,phases     ] GC(3)   Evacuate Collection Set: 3,3ms
[2019-03-28T11:09:15.952+0100][gc,phases     ] GC(3)   Post Evacuate Collection Set: 0,3ms
[2019-03-28T11:09:15.952+0100][gc,phases     ] GC(3)   Other: 0,3ms
[2019-03-28T11:09:15.952+0100][gc,heap       ] GC(3) Eden regions: 22->0(47)
[2019-03-28T11:09:15.952+0100][gc,heap       ] GC(3) Survivor regions: 3->4(7)
[2019-03-28T11:09:15.952+0100][gc,heap       ] GC(3) Old regions: 7->7
[2019-03-28T11:09:15.952+0100][gc,heap       ] GC(3) Humongous regions: 129->129
[2019-03-28T11:09:15.952+0100][gc,metaspace  ] GC(3) Metaspace: 34726K->34726K(1081344K)
[2019-03-28T11:09:15.952+0100][gc            ] GC(3) Pause Initial Mark (Metadata GC Threshold) 159M->139M(1024M) 4,032ms
[2019-03-28T11:09:15.952+0100][gc,cpu        ] GC(3) User=0,01s Sys=0,00s Real=0,01s
[2019-03-28T11:09:15.952+0100][gc            ] GC(4) Concurrent Cycle
[2019-03-28T11:09:15.952+0100][gc,marking    ] GC(4) Concurrent Clear Claimed Marks
[2019-03-28T11:09:15.952+0100][gc,marking    ] GC(4) Concurrent Clear Claimed Marks 0,107ms
[2019-03-28T11:09:15.952+0100][gc,marking    ] GC(4) Concurrent Scan Root Regions
[2019-03-28T11:09:15.955+0100][gc,marking    ] GC(4) Concurrent Scan Root Regions 3,059ms
[2019-03-28T11:09:15.955+0100][gc,marking    ] GC(4) Concurrent Mark (3,875s)
[2019-03-28T11:09:15.955+0100][gc,marking    ] GC(4) Concurrent Mark From Roots
[2019-03-28T11:09:15.955+0100][gc,task       ] GC(4) Using 1 workers of 1 for marking
[2019-03-28T11:09:15.962+0100][gc,marking    ] GC(4) Concurrent Mark From Roots 7,050ms
[2019-03-28T11:09:15.962+0100][gc,marking    ] GC(4) Concurrent Mark (3,875s, 3,882s) 7,090ms
[2019-03-28T11:09:15.967+0100][gc,start      ] GC(4) Pause Remark
[2019-03-28T11:09:15.971+0100][gc,stringtable] GC(4) Cleaned string and symbol table, strings: 12865 processed, 8 removed, symbols: 100270 processed, 24 removed
[2019-03-28T11:09:15.971+0100][gc            ] GC(4) Pause Remark 140M->140M(1024M) 4,569ms
[2019-03-28T11:09:15.971+0100][gc,cpu        ] GC(4) User=0,01s Sys=0,00s Real=0,01s
[2019-03-28T11:09:15.971+0100][gc,marking    ] GC(4) Concurrent Create Live Data
[2019-03-28T11:09:15.973+0100][gc,marking    ] GC(4) Concurrent Create Live Data 1,984ms
[2019-03-28T11:09:15.976+0100][gc,start      ] GC(4) Pause Cleanup
[2019-03-28T11:09:15.977+0100][gc            ] GC(4) Pause Cleanup 140M->140M(1024M) 0,630ms
[2019-03-28T11:09:15.977+0100][gc,cpu        ] GC(4) User=0,00s Sys=0,00s Real=0,00s
[2019-03-28T11:09:15.977+0100][gc,marking    ] GC(4) Concurrent Cleanup for Next Mark
[2019-03-28T11:09:15.984+0100][gc,marking    ] GC(4) Concurrent Cleanup for Next Mark 7,391ms
[2019-03-28T11:09:15.984+0100][gc            ] GC(4) Concurrent Cycle 32,776ms
