[2019-04-13T18:52:17.121+0200][gc,heap] Heap region size: 1M
[2019-04-13T18:52:17.146+0200][gc     ] Using G1
[2019-04-13T18:52:17.147+0200][gc,heap,coops] Heap address: 0x00000000c0000000, size: 1024 MB, Compressed Oops mode: 32-bit
[2019-04-13T18:52:19.253+0200][gc,start     ] GC(0) Pause Young (Normal) (G1 Evacuation Pause)
[2019-04-13T18:52:19.253+0200][gc,task      ] GC(0) Using 4 workers of 4 for evacuation
[2019-04-13T18:52:19.263+0200][gc,phases    ] GC(0)   Pre Evacuate Collection Set: 0,0ms
[2019-04-13T18:52:19.263+0200][gc,phases    ] GC(0)   Evacuate Collection Set: 8,9ms
[2019-04-13T18:52:19.263+0200][gc,phases    ] GC(0)   Post Evacuate Collection Set: 0,5ms
[2019-04-13T18:52:19.263+0200][gc,phases    ] GC(0)   Other: 0,5ms
[2019-04-13T18:52:19.263+0200][gc,heap      ] GC(0) Eden regions: 51->0(44)
[2019-04-13T18:52:19.263+0200][gc,heap      ] GC(0) Survivor regions: 0->7(7)
[2019-04-13T18:52:19.263+0200][gc,heap      ] GC(0) Old regions: 2->2
[2019-04-13T18:52:19.263+0200][gc,heap      ] GC(0) Humongous regions: 0->0
[2019-04-13T18:52:19.263+0200][gc,metaspace ] GC(0) Metaspace: 17247K->17247K(1064960K)
[2019-04-13T18:52:19.263+0200][gc           ] GC(0) Pause Young (Normal) (G1 Evacuation Pause) 51M->6M(1024M) 9,992ms
[2019-04-13T18:52:19.263+0200][gc,cpu       ] GC(0) User=0,02s Sys=0,01s Real=0,01s
[2019-04-13T18:52:19.620+0200][gc,start     ] GC(1) Pause Young (Concurrent Start) (Metadata GC Threshold)
[2019-04-13T18:52:19.620+0200][gc,task      ] GC(1) Using 4 workers of 4 for evacuation
[2019-04-13T18:52:19.655+0200][gc,mmu       ] GC(1) MMU target violated: 21,0ms (20,0ms/21,0ms)
[2019-04-13T18:52:19.655+0200][gc,phases    ] GC(1)   Pre Evacuate Collection Set: 0,1ms
[2019-04-13T18:52:19.655+0200][gc,phases    ] GC(1)   Evacuate Collection Set: 33,9ms
[2019-04-13T18:52:19.655+0200][gc,phases    ] GC(1)   Post Evacuate Collection Set: 0,8ms
[2019-04-13T18:52:19.655+0200][gc,phases    ] GC(1)   Other: 0,5ms
[2019-04-13T18:52:19.655+0200][gc,heap      ] GC(1) Eden regions: 13->0(50)
[2019-04-13T18:52:19.655+0200][gc,heap      ] GC(1) Survivor regions: 7->1(7)
[2019-04-13T18:52:19.655+0200][gc,heap      ] GC(1) Old regions: 2->8
[2019-04-13T18:52:19.655+0200][gc,heap      ] GC(1) Humongous regions: 0->0
[2019-04-13T18:52:19.655+0200][gc,metaspace ] GC(1) Metaspace: 20539K->20539K(1067008K)
[2019-04-13T18:52:19.655+0200][gc           ] GC(1) Pause Young (Concurrent Start) (Metadata GC Threshold) 18M->7M(1024M) 35,398ms
[2019-04-13T18:52:19.655+0200][gc,cpu       ] GC(1) User=0,08s Sys=0,01s Real=0,04s
[2019-04-13T18:52:19.655+0200][gc           ] GC(2) Concurrent Cycle
[2019-04-13T18:52:19.655+0200][gc,marking   ] GC(2) Concurrent Clear Claimed Marks
[2019-04-13T18:52:19.655+0200][gc,marking   ] GC(2) Concurrent Clear Claimed Marks 0,067ms
[2019-04-13T18:52:19.655+0200][gc,marking   ] GC(2) Concurrent Scan Root Regions
[2019-04-13T18:52:19.657+0200][gc,marking   ] GC(2) Concurrent Scan Root Regions 1,757ms
[2019-04-13T18:52:19.657+0200][gc,marking   ] GC(2) Concurrent Mark (2,547s)
[2019-04-13T18:52:19.657+0200][gc,marking   ] GC(2) Concurrent Mark From Roots
[2019-04-13T18:52:19.657+0200][gc,task      ] GC(2) Using 1 workers of 1 for marking
[2019-04-13T18:52:19.687+0200][gc,marking   ] GC(2) Concurrent Mark From Roots 29,905ms
[2019-04-13T18:52:19.687+0200][gc,marking   ] GC(2) Concurrent Preclean
[2019-04-13T18:52:19.687+0200][gc,marking   ] GC(2) Concurrent Preclean 0,186ms
[2019-04-13T18:52:19.687+0200][gc,marking   ] GC(2) Concurrent Mark (2,547s, 2,577s) 30,198ms
[2019-04-13T18:52:19.691+0200][gc,start     ] GC(2) Pause Remark
[2019-04-13T18:52:19.702+0200][gc,stringtable] GC(2) Cleaned string and symbol table, strings: 4747 processed, 0 removed, symbols: 49759 processed, 49 removed
[2019-04-13T18:52:19.702+0200][gc            ] GC(2) Pause Remark 8M->8M(1024M) 10,772ms
[2019-04-13T18:52:19.702+0200][gc,cpu        ] GC(2) User=0,02s Sys=0,00s Real=0,01s
[2019-04-13T18:52:19.702+0200][gc,marking    ] GC(2) Concurrent Rebuild Remembered Sets
[2019-04-13T18:52:19.723+0200][gc,marking    ] GC(2) Concurrent Rebuild Remembered Sets 20,299ms
[2019-04-13T18:52:19.723+0200][gc,start      ] GC(2) Pause Cleanup
[2019-04-13T18:52:19.723+0200][gc            ] GC(2) Pause Cleanup 8M->8M(1024M) 0,566ms
[2019-04-13T18:52:19.724+0200][gc,cpu        ] GC(2) User=0,01s Sys=0,00s Real=0,00s
[2019-04-13T18:52:19.724+0200][gc,marking    ] GC(2) Concurrent Cleanup for Next Mark
[2019-04-13T18:52:19.750+0200][gc,marking    ] GC(2) Concurrent Cleanup for Next Mark 26,550ms
[2019-04-13T18:52:19.750+0200][gc            ] GC(2) Concurrent Cycle 95,078ms
