[2019-04-09T23:54:17.565+0200][gc,heap] Heap region size: 1M
[2019-04-09T23:54:17.576+0200][gc     ] Using G1
[2019-04-09T23:54:17.576+0200][gc,heap,coops] Heap address: 0x00000000c0000000, size: 1024 MB, Compressed Oops mode: 32-bit
[2019-04-09T23:54:18.878+0200][gc,start     ] GC(0) Pause Initial Mark (Metadata GC Threshold)
[2019-04-09T23:54:18.878+0200][gc,task      ] GC(0) Using 4 workers of 4 for evacuation
[2019-04-09T23:54:18.884+0200][gc,phases    ] GC(0)   Pre Evacuate Collection Set: 0,0ms
[2019-04-09T23:54:18.884+0200][gc,phases    ] GC(0)   Evacuate Collection Set: 5,0ms
[2019-04-09T23:54:18.884+0200][gc,phases    ] GC(0)   Post Evacuate Collection Set: 0,4ms
[2019-04-09T23:54:18.884+0200][gc,phases    ] GC(0)   Other: 0,5ms
[2019-04-09T23:54:18.884+0200][gc,heap      ] GC(0) Eden regions: 39->0(44)
[2019-04-09T23:54:18.884+0200][gc,heap      ] GC(0) Survivor regions: 0->7(7)
[2019-04-09T23:54:18.884+0200][gc,heap      ] GC(0) Old regions: 0->0
[2019-04-09T23:54:18.884+0200][gc,heap      ] GC(0) Humongous regions: 0->0
[2019-04-09T23:54:18.884+0200][gc,metaspace ] GC(0) Metaspace: 20674K->20674K(1069056K)
[2019-04-09T23:54:18.884+0200][gc           ] GC(0) Pause Initial Mark (Metadata GC Threshold) 38M->6M(1024M) 6,028ms
[2019-04-09T23:54:18.884+0200][gc,cpu       ] GC(0) User=0,02s Sys=0,00s Real=0,01s
[2019-04-09T23:54:18.884+0200][gc           ] GC(1) Concurrent Cycle
[2019-04-09T23:54:18.884+0200][gc,marking   ] GC(1) Concurrent Clear Claimed Marks
[2019-04-09T23:54:18.884+0200][gc,marking   ] GC(1) Concurrent Clear Claimed Marks 0,022ms
[2019-04-09T23:54:18.884+0200][gc,marking   ] GC(1) Concurrent Scan Root Regions
[2019-04-09T23:54:18.887+0200][gc,marking   ] GC(1) Concurrent Scan Root Regions 2,739ms
[2019-04-09T23:54:18.887+0200][gc,marking   ] GC(1) Concurrent Mark (1,324s)
[2019-04-09T23:54:18.887+0200][gc,marking   ] GC(1) Concurrent Mark From Roots
[2019-04-09T23:54:18.887+0200][gc,task      ] GC(1) Using 1 workers of 1 for marking
[2019-04-09T23:54:18.887+0200][gc,marking   ] GC(1) Concurrent Mark From Roots 0,607ms
[2019-04-09T23:54:18.887+0200][gc,marking   ] GC(1) Concurrent Mark (1,324s, 1,325s) 0,635ms
[2019-04-09T23:54:18.896+0200][gc,start     ] GC(1) Pause Remark
[2019-04-09T23:54:18.899+0200][gc,stringtable] GC(1) Cleaned string and symbol table, strings: 7725 processed, 0 removed, symbols: 63863 processed, 44 removed
[2019-04-09T23:54:18.899+0200][gc            ] GC(1) Pause Remark 7M->7M(1024M) 2,697ms
[2019-04-09T23:54:18.899+0200][gc,cpu        ] GC(1) User=0,01s Sys=0,00s Real=0,00s
[2019-04-09T23:54:18.899+0200][gc,marking    ] GC(1) Concurrent Create Live Data
[2019-04-09T23:54:18.899+0200][gc,marking    ] GC(1) Concurrent Create Live Data 0,102ms
[2019-04-09T23:54:18.900+0200][gc,start      ] GC(1) Pause Cleanup
[2019-04-09T23:54:18.901+0200][gc            ] GC(1) Pause Cleanup 7M->7M(1024M) 0,855ms
[2019-04-09T23:54:18.901+0200][gc,cpu        ] GC(1) User=0,00s Sys=0,00s Real=0,01s
[2019-04-09T23:54:18.901+0200][gc,marking    ] GC(1) Concurrent Cleanup for Next Mark
[2019-04-09T23:54:18.907+0200][gc,marking    ] GC(1) Concurrent Cleanup for Next Mark 6,363ms
[2019-04-09T23:54:18.907+0200][gc            ] GC(1) Concurrent Cycle 23,154ms
[2019-04-09T23:54:20.210+0200][gc,start      ] GC(2) Pause Young (G1 Evacuation Pause)
[2019-04-09T23:54:20.210+0200][gc,task       ] GC(2) Using 4 workers of 4 for evacuation
[2019-04-09T23:54:20.218+0200][gc,phases     ] GC(2)   Pre Evacuate Collection Set: 0,0ms
[2019-04-09T23:54:20.218+0200][gc,phases     ] GC(2)   Evacuate Collection Set: 7,4ms
[2019-04-09T23:54:20.218+0200][gc,phases     ] GC(2)   Post Evacuate Collection Set: 0,4ms
[2019-04-09T23:54:20.218+0200][gc,phases     ] GC(2)   Other: 0,4ms
[2019-04-09T23:54:20.218+0200][gc,heap       ] GC(2) Eden regions: 44->0(47)
[2019-04-09T23:54:20.218+0200][gc,heap       ] GC(2) Survivor regions: 7->4(7)
[2019-04-09T23:54:20.218+0200][gc,heap       ] GC(2) Old regions: 0->7
[2019-04-09T23:54:20.218+0200][gc,heap       ] GC(2) Humongous regions: 129->129
[2019-04-09T23:54:20.218+0200][gc,metaspace  ] GC(2) Metaspace: 30234K->30234K(1077248K)
[2019-04-09T23:54:20.218+0200][gc            ] GC(2) Pause Young (G1 Evacuation Pause) 179M->138M(1024M) 8,256ms
[2019-04-09T23:54:20.218+0200][gc,cpu        ] GC(2) User=0,02s Sys=0,00s Real=0,01s
[2019-04-09T23:54:20.657+0200][gc,start      ] GC(3) Pause Initial Mark (Metadata GC Threshold)
[2019-04-09T23:54:20.657+0200][gc,task       ] GC(3) Using 4 workers of 4 for evacuation
[2019-04-09T23:54:20.662+0200][gc,phases     ] GC(3)   Pre Evacuate Collection Set: 0,1ms
[2019-04-09T23:54:20.662+0200][gc,phases     ] GC(3)   Evacuate Collection Set: 4,1ms
[2019-04-09T23:54:20.662+0200][gc,phases     ] GC(3)   Post Evacuate Collection Set: 0,2ms
[2019-04-09T23:54:20.662+0200][gc,phases     ] GC(3)   Other: 0,4ms
[2019-04-09T23:54:20.662+0200][gc,heap       ] GC(3) Eden regions: 21->0(46)
[2019-04-09T23:54:20.662+0200][gc,heap       ] GC(3) Survivor regions: 4->5(7)
[2019-04-09T23:54:20.662+0200][gc,heap       ] GC(3) Old regions: 7->7
[2019-04-09T23:54:20.662+0200][gc,heap       ] GC(3) Humongous regions: 129->129
[2019-04-09T23:54:20.662+0200][gc,metaspace  ] GC(3) Metaspace: 34704K->34704K(1081344K)
[2019-04-09T23:54:20.662+0200][gc            ] GC(3) Pause Initial Mark (Metadata GC Threshold) 159M->139M(1024M) 4,928ms
[2019-04-09T23:54:20.662+0200][gc,cpu        ] GC(3) User=0,02s Sys=0,00s Real=0,01s
[2019-04-09T23:54:20.662+0200][gc            ] GC(4) Concurrent Cycle
[2019-04-09T23:54:20.662+0200][gc,marking    ] GC(4) Concurrent Clear Claimed Marks
[2019-04-09T23:54:20.662+0200][gc,marking    ] GC(4) Concurrent Clear Claimed Marks 0,087ms
[2019-04-09T23:54:20.662+0200][gc,marking    ] GC(4) Concurrent Scan Root Regions
[2019-04-09T23:54:20.664+0200][gc,marking    ] GC(4) Concurrent Scan Root Regions 2,188ms
[2019-04-09T23:54:20.664+0200][gc,marking    ] GC(4) Concurrent Mark (3,102s)
[2019-04-09T23:54:20.664+0200][gc,marking    ] GC(4) Concurrent Mark From Roots
[2019-04-09T23:54:20.664+0200][gc,task       ] GC(4) Using 1 workers of 1 for marking
[2019-04-09T23:54:20.670+0200][gc,marking    ] GC(4) Concurrent Mark From Roots 6,054ms
[2019-04-09T23:54:20.670+0200][gc,marking    ] GC(4) Concurrent Mark (3,102s, 3,108s) 6,092ms
[2019-04-09T23:54:20.670+0200][gc,start      ] GC(4) Pause Remark
[2019-04-09T23:54:20.676+0200][gc,stringtable] GC(4) Cleaned string and symbol table, strings: 12874 processed, 8 removed, symbols: 100306 processed, 24 removed
[2019-04-09T23:54:20.676+0200][gc            ] GC(4) Pause Remark 140M->140M(1024M) 5,522ms
[2019-04-09T23:54:20.676+0200][gc,cpu        ] GC(4) User=0,01s Sys=0,00s Real=0,01s
[2019-04-09T23:54:20.676+0200][gc,marking    ] GC(4) Concurrent Create Live Data
[2019-04-09T23:54:20.678+0200][gc,marking    ] GC(4) Concurrent Create Live Data 1,679ms
[2019-04-09T23:54:20.681+0200][gc,start      ] GC(4) Pause Cleanup
[2019-04-09T23:54:20.682+0200][gc            ] GC(4) Pause Cleanup 140M->140M(1024M) 0,892ms
[2019-04-09T23:54:20.682+0200][gc,cpu        ] GC(4) User=0,00s Sys=0,00s Real=0,00s
[2019-04-09T23:54:20.682+0200][gc,marking    ] GC(4) Concurrent Cleanup for Next Mark
[2019-04-09T23:54:20.687+0200][gc,marking    ] GC(4) Concurrent Cleanup for Next Mark 5,531ms
[2019-04-09T23:54:20.687+0200][gc            ] GC(4) Concurrent Cycle 25,242ms
[2019-04-09T23:59:12.704+0200][gc,start      ] GC(5) Pause Young (G1 Evacuation Pause)
[2019-04-09T23:59:12.704+0200][gc,task       ] GC(5) Using 4 workers of 4 for evacuation
[2019-04-09T23:59:12.713+0200][gc,phases     ] GC(5)   Pre Evacuate Collection Set: 0,0ms
[2019-04-09T23:59:12.713+0200][gc,phases     ] GC(5)   Evacuate Collection Set: 7,6ms
[2019-04-09T23:59:12.713+0200][gc,phases     ] GC(5)   Post Evacuate Collection Set: 0,6ms
[2019-04-09T23:59:12.713+0200][gc,phases     ] GC(5)   Other: 0,7ms
[2019-04-09T23:59:12.713+0200][gc,heap       ] GC(5) Eden regions: 46->0(47)
[2019-04-09T23:59:12.713+0200][gc,heap       ] GC(5) Survivor regions: 5->4(7)
[2019-04-09T23:59:12.713+0200][gc,heap       ] GC(5) Old regions: 7->10
[2019-04-09T23:59:12.713+0200][gc,heap       ] GC(5) Humongous regions: 129->129
[2019-04-09T23:59:12.713+0200][gc,metaspace  ] GC(5) Metaspace: 39839K->39839K(1085440K)
[2019-04-09T23:59:12.713+0200][gc            ] GC(5) Pause Young (G1 Evacuation Pause) 185M->141M(1024M) 9,071ms
[2019-04-09T23:59:12.713+0200][gc,cpu        ] GC(5) User=0,03s Sys=0,00s Real=0,01s
[2019-04-10T00:06:38.605+0200][gc,start      ] GC(6) Pause Young (G1 Evacuation Pause)
[2019-04-10T00:06:38.605+0200][gc,task       ] GC(6) Using 4 workers of 4 for evacuation
[2019-04-10T00:06:38.613+0200][gc,phases     ] GC(6)   Pre Evacuate Collection Set: 0,0ms
[2019-04-10T00:06:38.613+0200][gc,phases     ] GC(6)   Evacuate Collection Set: 7,1ms
[2019-04-10T00:06:38.613+0200][gc,phases     ] GC(6)   Post Evacuate Collection Set: 0,4ms
[2019-04-10T00:06:38.613+0200][gc,phases     ] GC(6)   Other: 0,4ms
[2019-04-10T00:06:38.613+0200][gc,heap       ] GC(6) Eden regions: 47->0(46)
[2019-04-10T00:06:38.613+0200][gc,heap       ] GC(6) Survivor regions: 4->5(7)
[2019-04-10T00:06:38.613+0200][gc,heap       ] GC(6) Old regions: 10->10
[2019-04-10T00:06:38.613+0200][gc,heap       ] GC(6) Humongous regions: 129->129
[2019-04-10T00:06:38.613+0200][gc,metaspace  ] GC(6) Metaspace: 40011K->40011K(1085440K)
[2019-04-10T00:06:38.613+0200][gc            ] GC(6) Pause Young (G1 Evacuation Pause) 188M->143M(1024M) 7,974ms
[2019-04-10T00:06:38.613+0200][gc,cpu        ] GC(6) User=0,03s Sys=0,00s Real=0,01s
[2019-04-10T00:09:09.925+0200][gc,heap,exit  ] Heap
[2019-04-10T00:09:09.925+0200][gc,heap,exit  ]  garbage-first heap   total 1048576K, used 170003K [0x00000000c0000000, 0x0000000100000000)
[2019-04-10T00:09:09.925+0200][gc,heap,exit  ]   region size 1024K, 29 young (29696K), 5 survivors (5120K)
[2019-04-10T00:09:09.925+0200][gc,heap,exit  ]  Metaspace       used 40711K, capacity 42148K, committed 42752K, reserved 1087488K
[2019-04-10T00:09:09.925+0200][gc,heap,exit  ]   class space    used 4900K, capacity 5326K, committed 5376K, reserved 1048576K
