[2019-04-13T18:50:10.862+0200][gc,heap] Heap region size: 1M
[2019-04-13T18:50:10.883+0200][gc     ] Using G1
[2019-04-13T18:50:10.883+0200][gc,heap,coops] Heap address: 0x00000000c0000000, size: 1024 MB, Compressed Oops mode: 32-bit
[2019-04-13T18:50:12.932+0200][gc,start     ] GC(0) Pause Young (Normal) (G1 Evacuation Pause)
[2019-04-13T18:50:12.962+0200][gc,task      ] GC(0) Using 4 workers of 4 for evacuation
[2019-04-13T18:50:12.981+0200][gc,phases    ] GC(0)   Pre Evacuate Collection Set: 0,0ms
[2019-04-13T18:50:12.981+0200][gc,phases    ] GC(0)   Evacuate Collection Set: 17,8ms
[2019-04-13T18:50:12.981+0200][gc,phases    ] GC(0)   Post Evacuate Collection Set: 1,2ms
[2019-04-13T18:50:12.981+0200][gc,phases    ] GC(0)   Other: 30,4ms
[2019-04-13T18:50:12.981+0200][gc,heap      ] GC(0) Eden regions: 51->0(44)
[2019-04-13T18:50:12.981+0200][gc,heap      ] GC(0) Survivor regions: 0->7(7)
[2019-04-13T18:50:12.981+0200][gc,heap      ] GC(0) Old regions: 2->2
[2019-04-13T18:50:12.981+0200][gc,heap      ] GC(0) Humongous regions: 0->0
[2019-04-13T18:50:12.981+0200][gc,metaspace ] GC(0) Metaspace: 16919K->16919K(1064960K)
[2019-04-13T18:50:12.981+0200][gc           ] GC(0) Pause Young (Normal) (G1 Evacuation Pause) 51M->6M(1024M) 49,592ms
[2019-04-13T18:50:12.981+0200][gc,cpu       ] GC(0) User=0,04s Sys=0,00s Real=0,05s
[2019-04-13T18:50:13.363+0200][gc,start     ] GC(1) Pause Young (Concurrent Start) (Metadata GC Threshold)
[2019-04-13T18:50:13.363+0200][gc,task      ] GC(1) Using 4 workers of 4 for evacuation
[2019-04-13T18:50:13.379+0200][gc,phases    ] GC(1)   Pre Evacuate Collection Set: 0,1ms
[2019-04-13T18:50:13.379+0200][gc,phases    ] GC(1)   Evacuate Collection Set: 14,8ms
[2019-04-13T18:50:13.379+0200][gc,phases    ] GC(1)   Post Evacuate Collection Set: 0,5ms
[2019-04-13T18:50:13.379+0200][gc,phases    ] GC(1)   Other: 0,3ms
[2019-04-13T18:50:13.379+0200][gc,heap      ] GC(1) Eden regions: 13->0(50)
[2019-04-13T18:50:13.379+0200][gc,heap      ] GC(1) Survivor regions: 7->1(7)
[2019-04-13T18:50:13.379+0200][gc,heap      ] GC(1) Old regions: 2->8
[2019-04-13T18:50:13.379+0200][gc,heap      ] GC(1) Humongous regions: 0->0
[2019-04-13T18:50:13.379+0200][gc,metaspace ] GC(1) Metaspace: 20496K->20496K(1067008K)
[2019-04-13T18:50:13.379+0200][gc           ] GC(1) Pause Young (Concurrent Start) (Metadata GC Threshold) 19M->7M(1024M) 15,721ms
[2019-04-13T18:50:13.379+0200][gc,cpu       ] GC(1) User=0,04s Sys=0,00s Real=0,02s
[2019-04-13T18:50:13.379+0200][gc           ] GC(2) Concurrent Cycle
[2019-04-13T18:50:13.379+0200][gc,marking   ] GC(2) Concurrent Clear Claimed Marks
[2019-04-13T18:50:13.379+0200][gc,marking   ] GC(2) Concurrent Clear Claimed Marks 0,040ms
[2019-04-13T18:50:13.379+0200][gc,marking   ] GC(2) Concurrent Scan Root Regions
[2019-04-13T18:50:13.380+0200][gc,marking   ] GC(2) Concurrent Scan Root Regions 1,038ms
[2019-04-13T18:50:13.380+0200][gc,marking   ] GC(2) Concurrent Mark (2,534s)
[2019-04-13T18:50:13.380+0200][gc,marking   ] GC(2) Concurrent Mark From Roots
[2019-04-13T18:50:13.380+0200][gc,task      ] GC(2) Using 1 workers of 1 for marking
[2019-04-13T18:50:13.393+0200][gc,marking   ] GC(2) Concurrent Mark From Roots 13,109ms
[2019-04-13T18:50:13.393+0200][gc,marking   ] GC(2) Concurrent Preclean
[2019-04-13T18:50:13.393+0200][gc,marking   ] GC(2) Concurrent Preclean 0,113ms
[2019-04-13T18:50:13.393+0200][gc,marking   ] GC(2) Concurrent Mark (2,534s, 2,547s) 13,275ms
[2019-04-13T18:50:13.394+0200][gc,start     ] GC(2) Pause Remark
[2019-04-13T18:50:13.401+0200][gc,stringtable] GC(2) Cleaned string and symbol table, strings: 4736 processed, 0 removed, symbols: 49460 processed, 48 removed
[2019-04-13T18:50:13.401+0200][gc            ] GC(2) Pause Remark 7M->7M(1024M) 7,082ms
[2019-04-13T18:50:13.401+0200][gc,cpu        ] GC(2) User=0,01s Sys=0,00s Real=0,01s
[2019-04-13T18:50:13.401+0200][gc,marking    ] GC(2) Concurrent Rebuild Remembered Sets
[2019-04-13T18:50:13.409+0200][gc,marking    ] GC(2) Concurrent Rebuild Remembered Sets 8,238ms
[2019-04-13T18:50:13.409+0200][gc,start      ] GC(2) Pause Cleanup
[2019-04-13T18:50:13.410+0200][gc            ] GC(2) Pause Cleanup 7M->7M(1024M) 0,330ms
[2019-04-13T18:50:13.410+0200][gc,cpu        ] GC(2) User=0,00s Sys=0,00s Real=0,00s
[2019-04-13T18:50:13.410+0200][gc,marking    ] GC(2) Concurrent Cleanup for Next Mark
[2019-04-13T18:50:13.425+0200][gc,marking    ] GC(2) Concurrent Cleanup for Next Mark 15,697ms
[2019-04-13T18:50:13.425+0200][gc            ] GC(2) Concurrent Cycle 46,567ms
[2019-04-13T18:50:16.431+0200][gc,heap,exit  ] Heap
[2019-04-13T18:50:16.431+0200][gc,heap,exit  ]  garbage-first heap   total 1048576K, used 171253K [0x00000000c0000000, 0x0000000100000000)
[2019-04-13T18:50:16.431+0200][gc,heap,exit  ]   region size 1024K, 33 young (33792K), 1 survivors (1024K)
[2019-04-13T18:50:16.431+0200][gc,heap,exit  ]  Metaspace       used 25598K, capacity 26886K, committed 27136K, reserved 1073152K
[2019-04-13T18:50:16.431+0200][gc,heap,exit  ]   class space    used 3712K, capacity 4279K, committed 4352K, reserved 1048576K
