[2019-04-13T16:45:11.590+0200][gc,heap] Heap region size: 1M
[2019-04-13T16:45:11.634+0200][gc     ] Using G1
[2019-04-13T16:45:11.634+0200][gc,heap,coops] Heap address: 0x00000000c0000000, size: 1024 MB, Compressed Oops mode: 32-bit
[2019-04-13T16:45:16.366+0200][gc,start     ] GC(0) Pause Young (Normal) (G1 Evacuation Pause)
[2019-04-13T16:45:16.370+0200][gc,task      ] GC(0) Using 4 workers of 4 for evacuation
[2019-04-13T16:45:16.415+0200][gc,mmu       ] GC(0) MMU target violated: 21,0ms (20,0ms/21,0ms)
[2019-04-13T16:45:16.415+0200][gc,phases    ] GC(0)   Pre Evacuate Collection Set: 0,0ms
[2019-04-13T16:45:16.415+0200][gc,phases    ] GC(0)   Evacuate Collection Set: 40,0ms
[2019-04-13T16:45:16.415+0200][gc,phases    ] GC(0)   Post Evacuate Collection Set: 4,7ms
[2019-04-13T16:45:16.415+0200][gc,phases    ] GC(0)   Other: 4,6ms
[2019-04-13T16:45:16.415+0200][gc,heap      ] GC(0) Eden regions: 51->0(45)
[2019-04-13T16:45:16.415+0200][gc,heap      ] GC(0) Survivor regions: 0->6(7)
[2019-04-13T16:45:16.415+0200][gc,heap      ] GC(0) Old regions: 2->2
[2019-04-13T16:45:16.415+0200][gc,heap      ] GC(0) Humongous regions: 0->0
[2019-04-13T16:45:16.415+0200][gc,metaspace ] GC(0) Metaspace: 16954K->16954K(1064960K)
[2019-04-13T16:45:16.415+0200][gc           ] GC(0) Pause Young (Normal) (G1 Evacuation Pause) 51M->6M(1024M) 49,570ms
[2019-04-13T16:45:16.416+0200][gc,cpu       ] GC(0) User=0,09s Sys=0,01s Real=0,06s
[2019-04-13T16:45:19.967+0200][gc,heap,exit ] Heap
[2019-04-13T16:45:19.967+0200][gc,heap,exit ]  garbage-first heap   total 1048576K, used 15821K [0x00000000c0000000, 0x0000000100000000)
[2019-04-13T16:45:19.967+0200][gc,heap,exit ]   region size 1024K, 16 young (16384K), 6 survivors (6144K)
[2019-04-13T16:45:19.967+0200][gc,heap,exit ]  Metaspace       used 19498K, capacity 20151K, committed 20480K, reserved 1067008K
[2019-04-13T16:45:19.967+0200][gc,heap,exit ]   class space    used 2721K, capacity 2997K, committed 3072K, reserved 1048576K
