[2019-04-13T16:29:48.433+0200][gc,heap] Heap region size: 1M
[2019-04-13T16:29:48.439+0200][gc     ] Using G1
[2019-04-13T16:29:48.439+0200][gc,heap,coops] Heap address: 0x00000000e0000000, size: 512 MB, Compressed Oops mode: 32-bit
[2019-04-13T17:30:33.542+0200][gc,start     ] GC(0) Pause Young (Normal) (G1 Evacuation Pause)
[2019-04-13T17:30:33.543+0200][gc,task      ] GC(0) Using 4 workers of 4 for evacuation
[2019-04-13T17:30:33.553+0200][gc,phases    ] GC(0)   Pre Evacuate Collection Set: 0,0ms
[2019-04-13T17:30:33.553+0200][gc,phases    ] GC(0)   Evacuate Collection Set: 9,0ms
[2019-04-13T17:30:33.553+0200][gc,phases    ] GC(0)   Post Evacuate Collection Set: 0,6ms
[2019-04-13T17:30:33.553+0200][gc,phases    ] GC(0)   Other: 1,1ms
[2019-04-13T17:30:33.553+0200][gc,heap      ] GC(0) Eden regions: 25->0(21)
[2019-04-13T17:30:33.553+0200][gc,heap      ] GC(0) Survivor regions: 0->4(4)
[2019-04-13T17:30:33.553+0200][gc,heap      ] GC(0) Old regions: 2->3
[2019-04-13T17:30:33.553+0200][gc,heap      ] GC(0) Humongous regions: 0->0
[2019-04-13T17:30:33.553+0200][gc,metaspace ] GC(0) Metaspace: 7641K->7641K(1056768K)
[2019-04-13T17:30:33.553+0200][gc           ] GC(0) Pause Young (Normal) (G1 Evacuation Pause) 25M->5M(512M) 10,884ms
[2019-04-13T17:30:33.553+0200][gc,cpu       ] GC(0) User=0,02s Sys=0,00s Real=0,01s
