[2019-04-09T23:54:12.548+0200][gc,heap] Heap region size: 1M
[2019-04-09T23:54:12.554+0200][gc     ] Using G1
[2019-04-09T23:54:12.554+0200][gc,heap,coops] Heap address: 0x00000000e0000000, size: 512 MB, Compressed Oops mode: 32-bit
[2019-04-10T00:09:05.785+0200][gc,start     ] GC(0) Pause Young (G1 Evacuation Pause)
[2019-04-10T00:09:05.785+0200][gc,task      ] GC(0) Using 4 workers of 4 for evacuation
[2019-04-10T00:09:05.811+0200][gc,mmu       ] GC(0) MMU target violated: 21,0ms (20,0ms/21,0ms)
[2019-04-10T00:09:05.811+0200][gc,phases    ] GC(0)   Pre Evacuate Collection Set: 0,0ms
[2019-04-10T00:09:05.811+0200][gc,phases    ] GC(0)   Evacuate Collection Set: 24,9ms
[2019-04-10T00:09:05.811+0200][gc,phases    ] GC(0)   Post Evacuate Collection Set: 0,4ms
[2019-04-10T00:09:05.811+0200][gc,phases    ] GC(0)   Other: 0,5ms
[2019-04-10T00:09:05.811+0200][gc,heap      ] GC(0) Eden regions: 25->0(21)
[2019-04-10T00:09:05.811+0200][gc,heap      ] GC(0) Survivor regions: 0->4(4)
[2019-04-10T00:09:05.811+0200][gc,heap      ] GC(0) Old regions: 0->2
[2019-04-10T00:09:05.811+0200][gc,heap      ] GC(0) Humongous regions: 0->0
[2019-04-10T00:09:05.811+0200][gc,metaspace ] GC(0) Metaspace: 15063K->15063K(1062912K)
[2019-04-10T00:09:05.811+0200][gc           ] GC(0) Pause Young (G1 Evacuation Pause) 25M->5M(512M) 25,873ms
[2019-04-10T00:09:05.811+0200][gc,cpu       ] GC(0) User=0,01s Sys=0,01s Real=0,02s
[2019-04-10T00:09:05.815+0200][gc,heap,exit ] Heap
[2019-04-10T00:09:05.815+0200][gc,heap,exit ]  garbage-first heap   total 524288K, used 5329K [0x00000000e0000000, 0x0000000100000000)
[2019-04-10T00:09:05.815+0200][gc,heap,exit ]   region size 1024K, 5 young (5120K), 4 survivors (4096K)
[2019-04-10T00:09:05.815+0200][gc,heap,exit ]  Metaspace       used 15065K, capacity 15391K, committed 15744K, reserved 1062912K
[2019-04-10T00:09:05.815+0200][gc,heap,exit ]   class space    used 1433K, capacity 1556K, committed 1664K, reserved 1048576K
